// Jest Snapshot v1, https://goo.gl/fbAQLP

exports[`<Control /> renders without crashing 1`] = `
<div
  className="nyserda-control"
>
  <div
    className="nyserda-data-selector"
  >
    <select
      id="data-selector"
      name="data-selector"
    >
      <option
        hidden={true}
        value=""
      >
        Select an area
      </option>
      <option
        value="nassau"
      >
        Nassau
      </option>
      <option
        value="nyc"
      >
        New York City
      </option>
      <option
        value="westchester"
      >
        Westchester
      </option>
    </select>
  </div>
  <div
    className="nyserda-layer-selector"
    id="nyserda-layers-container"
  />
</div>
`;
